warning: in the working copy of 'core/bootstrap.gd', LF will be replaced by CRLF the next time Git touches it
warning: in the working copy of 'core/content/variety_schema.gd', LF will be replaced by CRLF the next time Git touches it
warning: in the working copy of 'core/day/run_session.gd', LF will be replaced by CRLF the next time Git touches it
warning: in the working copy of 'core/save/investigation_save_codec.gd', LF will be replaced by CRLF the next time Git touches it
warning: in the working copy of 'core/shop/shop_growth_service.gd', LF will be replaced by CRLF the next time Git touches it
warning: in the working copy of 'core/state/run_state.gd', LF will be replaced by CRLF the next time Git touches it
warning: in the working copy of 'core/trade/counter_read_models.gd', LF will be replaced by CRLF the next time Git touches it
warning: in the working copy of 'core/trade/counter_service.gd', LF will be replaced by CRLF the next time Git touches it
warning: in the working copy of 'core/trade/counter_visual_read_models.gd', LF will be replaced by CRLF the next time Git touches it
warning: in the working copy of 'core/trade/negotiation_reactions.gd', LF will be replaced by CRLF the next time Git touches it
warning: in the working copy of 'docs/design/facilities-room/level-one-study.png.import', LF will be replaced by CRLF the next time Git touches it
warning: in the working copy of 'docs/design/facilities-room/progression-00-initial.png.import', LF will be replaced by CRLF the next time Git touches it
warning: in the working copy of 'docs/design/facilities-room/progression-01-repaired.png.import', LF will be replaced by CRLF the next time Git touches it
warning: in the working copy of 'docs/design/facilities-room/progression-02-specialized.png.import', LF will be replaced by CRLF the next time Git touches it
warning: in the working copy of 'docs/design/facilities-room/progression-03-premium.png.import', LF will be replaced by CRLF the next time Git touches it
warning: in the working copy of 'docs/design/facilities-room/selected-initial.png.import', LF will be replaced by CRLF the next time Git touches it
warning: in the working copy of 'docs/qa/item-records/notes-1280.png.import', LF will be replaced by CRLF the next time Git touches it
warning: in the working copy of 'docs/qa/item-records/notes-1600.png.import', LF will be replaced by CRLF the next time Git touches it
warning: in the working copy of 'docs/qa/item-records/notes-after-scan-1280.png.import', LF will be replaced by CRLF the next time Git touches it
warning: in the working copy of 'docs/qa/living-mirror/living_1280_01_no_inspection.png.import', LF will be replaced by CRLF the next time Git touches it
warning: in the working copy of 'docs/qa/living-mirror/living_1280_02_ghost_reflection.png.import', LF will be replaced by CRLF the next time Git touches it
warning: in the working copy of 'docs/qa/living-mirror/living_1280_03_inspection_departure.png.import', LF will be replaced by CRLF the next time Git touches it
warning: in the working copy of 'docs/qa/living-mirror/living_1280_04_swap_offer.png.import', LF will be replaced by CRLF the next time Git touches it
warning: in the working copy of 'docs/qa/living-mirror/living_1280_05_swap_receipt.png.import', LF will be replaced by CRLF the next time Git touches it
warning: in the working copy of 'docs/qa/living-mirror/living_1280_06_replaced_ticket.png.import', LF will be replaced by CRLF the next time Git touches it
warning: in the working copy of 'docs/qa/living-mirror/living_1280_07_living_return.png.import', LF will be replaced by CRLF the next time Git touches it
warning: in the working copy of 'docs/qa/living-mirror/living_1280_08_substitute_delivery.png.import', LF will be replaced by CRLF the next time Git touches it
warning: in the working copy of 'docs/qa/living-mirror/living_1280_09_death_notice.png.import', LF will be replaced by CRLF the next time Git touches it
warning: in the working copy of 'docs/qa/living-mirror/living_1600_01_no_inspection.png.import', LF will be replaced by CRLF the next time Git touches it
warning: in the working copy of 'docs/qa/living-mirror/living_1600_02_ghost_reflection.png.import', LF will be replaced by CRLF the next time Git touches it
warning: in the working copy of 'docs/qa/living-mirror/living_1600_03_inspection_departure.png.import', LF will be replaced by CRLF the next time Git touches it
warning: in the working copy of 'docs/qa/living-mirror/living_1600_04_swap_offer.png.import', LF will be replaced by CRLF the next time Git touches it
warning: in the working copy of 'docs/qa/living-mirror/living_1600_05_swap_receipt.png.import', LF will be replaced by CRLF the next time Git touches it
warning: in the working copy of 'docs/qa/living-mirror/living_1600_06_replaced_ticket.png.import', LF will be replaced by CRLF the next time Git touches it
warning: in the working copy of 'docs/qa/living-mirror/living_1600_07_living_return.png.import', LF will be replaced by CRLF the next time Git touches it
warning: in the working copy of 'docs/qa/living-mirror/living_1600_08_substitute_delivery.png.import', LF will be replaced by CRLF the next time Git touches it
warning: in the working copy of 'docs/qa/living-mirror/living_1600_09_death_notice.png.import', LF will be replaced by CRLF the next time Git touches it
warning: in the working copy of 'scenes/main.gd', LF will be replaced by CRLF the next time Git touches it
warning: in the working copy of 'tools/play_v26.ps1', LF will be replaced by CRLF the next time Git touches it
warning: in the working copy of 'ui/inventory/inventory_panel.gd', LF will be replaced by CRLF the next time Git touches it
warning: in the working copy of 'ui/trade/trade_panel.gd', LF will be replaced by CRLF the next time Git touches it
