warning: in the working copy of 'assets/aqi/counter-aqi-resting.png.import', LF will be replaced by CRLF the next time Git touches it
warning: in the working copy of 'assets/aqi/counter-aqi-v2.png.import', LF will be replaced by CRLF the next time Git touches it
warning: in the working copy of 'assets/aqi/counter-aqi.png.import', LF will be replaced by CRLF the next time Git touches it
warning: in the working copy of 'assets/aqi/counter-bent.png.import', LF will be replaced by CRLF the next time Git touches it
warning: in the working copy of 'assets/aqi/counter-fixed.png.import', LF will be replaced by CRLF the next time Git touches it
warning: in the working copy of 'assets/aqi/ledger.svg.import', LF will be replaced by CRLF the next time Git touches it
warning: in the working copy of 'assets/aqi/sketch-atlas.png.import', LF will be replaced by CRLF the next time Git touches it
warning: in the working copy of 'assets/art02/customers/agent.svg.import', LF will be replaced by CRLF the next time Git touches it
warning: in the working copy of 'assets/art02/customers/bookkeeper.svg.import', LF will be replaced by CRLF the next time Git touches it
warning: in the working copy of 'assets/art02/customers/citizen.svg.import', LF will be replaced by CRLF the next time Git touches it
warning: in the working copy of 'assets/art02/customers/hawker.svg.import', LF will be replaced by CRLF the next time Git touches it
warning: in the working copy of 'assets/art02/customers/mirror_wife.svg.import', LF will be replaced by CRLF the next time Git touches it
warning: in the working copy of 'assets/art02/customers/scholar.svg.import', LF will be replaced by CRLF the next time Git touches it
warning: in the working copy of 'assets/art02/customers/seamstress.svg.import', LF will be replaced by CRLF the next time Git touches it
warning: in the working copy of 'assets/art02/customers/teahouse.svg.import', LF will be replaced by CRLF the next time Git touches it
warning: in the working copy of 'assets/art02/customers/watchmaker.svg.import', LF will be replaced by CRLF the next time Git touches it
warning: in the working copy of 'assets/art02/items/bowl_back.svg.import', LF will be replaced by CRLF the next time Git touches it
warning: in the working copy of 'assets/art02/items/bowl_front.svg.import', LF will be replaced by CRLF the next time Git touches it
warning: in the working copy of 'assets/art02/items/bowl_intact.svg.import', LF will be replaced by CRLF the next time Git touches it
warning: in the working copy of 'assets/art02/items/bowl_repair.svg.import', LF will be replaced by CRLF the next time Git touches it
warning: in the working copy of 'assets/art02/items/holder_back.svg.import', LF will be replaced by CRLF the next time Git touches it
warning: in the working copy of 'assets/art02/items/holder_brass.svg.import', LF will be replaced by CRLF the next time Git touches it
warning: in the working copy of 'assets/art02/items/holder_front.svg.import', LF will be replaced by CRLF the next time Git touches it
warning: in the working copy of 'assets/art02/items/holder_iron.svg.import', LF will be replaced by CRLF the next time Git touches it
warning: in the working copy of 'assets/art02/items/mirror_back.svg.import', LF will be replaced by CRLF the next time Git touches it
warning: in the working copy of 'assets/art02/items/mirror_blood.svg.import', LF will be replaced by CRLF the next time Git touches it
warning: in the working copy of 'assets/art02/items/mirror_front.svg.import', LF will be replaced by CRLF the next time Git touches it
warning: in the working copy of 'assets/art02/items/mirror_inscription.svg.import', LF will be replaced by CRLF the next time Git touches it
warning: in the working copy of 'assets/art02/items/mirror_ordinary_front.svg.import', LF will be replaced by CRLF the next time Git touches it
warning: in the working copy of 'assets/art02/items/mirror_resentful_front.svg.import', LF will be replaced by CRLF the next time Git touches it
warning: in the working copy of 'assets/art04/counter_room.png.import', LF will be replaced by CRLF the next time Git touches it
warning: in the working copy of 'assets/art04/customers/citizen.png.import', LF will be replaced by CRLF the next time Git touches it
warning: in the working copy of 'assets/art04/customers/neighbor.png.import', LF will be replaced by CRLF the next time Git touches it
warning: in the working copy of 'assets/art04/customers/neighbor_v2.png.import', LF will be replaced by CRLF the next time Git touches it
warning: in the working copy of 'assets/art04/customers/ordinary/agent.png.import', LF will be replaced by CRLF the next time Git touches it
warning: in the working copy of 'assets/art04/customers/ordinary/bookkeeper.png.import', LF will be replaced by CRLF the next time Git touches it
warning: in the working copy of 'assets/art04/customers/ordinary/citizen.png.import', LF will be replaced by CRLF the next time Git touches it
warning: in the working copy of 'assets/art04/customers/ordinary/hawker.png.import', LF will be replaced by CRLF the next time Git touches it
warning: in the working copy of 'assets/art04/customers/ordinary/scholar.png.import', LF will be replaced by CRLF the next time Git touches it
warning: in the working copy of 'assets/art04/customers/ordinary/seamstress.png.import', LF will be replaced by CRLF the next time Git touches it
warning: in the working copy of 'assets/art04/customers/ordinary/teahouse.png.import', LF will be replaced by CRLF the next time Git touches it
warning: in the working copy of 'assets/art04/customers/ordinary/watchmaker.png.import', LF will be replaced by CRLF the next time Git touches it
warning: in the working copy of 'assets/art04/customers/special/ghost_closed_bundle.png.import', LF will be replaced by CRLF the next time Git touches it
warning: in the working copy of 'assets/art04/customers/special/ghost_swap_guest.png.import', LF will be replaced by CRLF the next time Git touches it
warning: in the working copy of 'assets/art04/customers/special/jiang_suyun.png.import', LF will be replaced by CRLF the next time Git touches it
warning: in the working copy of 'assets/art04/customers/special/mirror_husband.png.import', LF will be replaced by CRLF the next time Git touches it
warning: in the working copy of 'assets/art04/customers/special/mirror_medicine.png.import', LF will be replaced by CRLF the next time Git touches it
warning: in the working copy of 'assets/art04/customers/special/xu_wenheng.png.import', LF will be replaced by CRLF the next time Git touches it
warning: in the working copy of 'assets/art04/items/bowl_front.png.import', LF will be replaced by CRLF the next time Git touches it
warning: in the working copy of 'assets/art04/items/hairpin_front.png.import', LF will be replaced by CRLF the next time Git touches it
warning: in the working copy of 'assets/art04/props/handbell.png.import', LF will be replaced by CRLF the next time Git touches it
warning: in the working copy of 'assets/art04/ui/paper.png.import', LF will be replaced by CRLF the next time Git touches it
warning: in the working copy of 'assets/bedroom/mirror/reflection-normal.png.import', LF will be replaced by CRLF the next time Git touches it
warning: in the working copy of 'assets/bedroom/room-normal.png.import', LF will be replaced by CRLF the next time Git touches it
warning: in the working copy of 'assets/bedroom/room-rest.png.import', LF will be replaced by CRLF the next time Git touches it
warning: in the working copy of 'assets/bedroom/room-shell.png.import', LF will be replaced by CRLF the next time Git touches it
warning: in the working copy of 'assets/facilities/discovered-compartment.png.import', LF will be replaced by CRLF the next time Git touches it
warning: in the working copy of 'assets/facilities/return-arrow.png.import', LF will be replaced by CRLF the next time Git touches it
warning: in the working copy of 'assets/facilities/room-level0.png.import', LF will be replaced by CRLF the next time Git touches it
warning: in the working copy of 'assets/facilities/room-level1.png.import', LF will be replaced by CRLF the next time Git touches it
warning: in the working copy of 'assets/facilities/room-level2.png.import', LF will be replaced by CRLF the next time Git touches it
warning: in the working copy of 'assets/facilities/room-level3.png.import', LF will be replaced by CRLF the next time Git touches it
warning: in the working copy of 'assets/fonts/NotoSansSC.ttf.import', LF will be replaced by CRLF the next time Git touches it
warning: in the working copy of 'assets/goods_v21/folding_fan_back.svg.import', LF will be replaced by CRLF the next time Git touches it
warning: in the working copy of 'assets/goods_v21/folding_fan_front.svg.import', LF will be replaced by CRLF the next time Git touches it
warning: in the working copy of 'assets/goods_v21/folding_fan_sound.svg.import', LF will be replaced by CRLF the next time Git touches it
warning: in the working copy of 'assets/goods_v21/silver_lock_back.svg.import', LF will be replaced by CRLF the next time Git touches it
warning: in the working copy of 'assets/goods_v21/silver_lock_condition_mended.svg.import', LF will be replaced by CRLF the next time Git touches it
warning: in the working copy of 'assets/goods_v21/silver_lock_flaw.svg.import', LF will be replaced by CRLF the next time Git touches it
warning: in the working copy of 'assets/goods_v21/silver_lock_front.svg.import', LF will be replaced by CRLF the next time Git touches it
warning: in the working copy of 'assets/goods_v21/silver_lock_sound.svg.import', LF will be replaced by CRLF the next time Git touches it
warning: in the working copy of 'assets/goods_v21/silver_ring_back.svg.import', LF will be replaced by CRLF the next time Git touches it
warning: in the working copy of 'assets/goods_v21/silver_ring_condition_mended.svg.import', LF will be replaced by CRLF the next time Git touches it
warning: in the working copy of 'assets/goods_v21/silver_ring_flaw.svg.import', LF will be replaced by CRLF the next time Git touches it
warning: in the working copy of 'assets/goods_v21/silver_ring_front.svg.import', LF will be replaced by CRLF the next time Git touches it
warning: in the working copy of 'assets/goods_v21/silver_ring_sound.svg.import', LF will be replaced by CRLF the next time Git touches it
warning: in the working copy of 'assets/goods_v21/tea_cup_back.svg.import', LF will be replaced by CRLF the next time Git touches it
warning: in the working copy of 'assets/goods_v21/tea_cup_condition_mended.svg.import', LF will be replaced by CRLF the next time Git touches it
warning: in the working copy of 'assets/goods_v21/tea_cup_flaw.svg.import', LF will be replaced by CRLF the next time Git touches it
warning: in the working copy of 'assets/goods_v21/tea_cup_front.svg.import', LF will be replaced by CRLF the next time Git touches it
warning: in the working copy of 'assets/goods_v21/tea_cup_pattern0_side0.svg.import', LF will be replaced by CRLF the next time Git touches it
warning: in the working copy of 'assets/goods_v21/tea_cup_pattern0_side1.svg.import', LF will be replaced by CRLF the next time Git touches it
warning: in the working copy of 'assets/goods_v21/tea_cup_pattern1_side0.svg.import', LF will be replaced by CRLF the next time Git touches it
warning: in the working copy of 'assets/goods_v21/tea_cup_pattern1_side1.svg.import', LF will be replaced by CRLF the next time Git touches it
warning: in the working copy of 'assets/goods_v21/tea_cup_sound.svg.import', LF will be replaced by CRLF the next time Git touches it
warning: in the working copy of 'assets/journal/mirror_vignette.png.import', LF will be replaced by CRLF the next time Git touches it
warning: in the working copy of 'assets/lighting/counter-incense-lit.png.import', LF will be replaced by CRLF the next time Git touches it
warning: in the working copy of 'assets/lighting/counter-lamp-off.png.import', LF will be replaced by CRLF the next time Git touches it
warning: in the working copy of 'assets/lighting/incense-smoke.png.import', LF will be replaced by CRLF the next time Git touches it
warning: in the working copy of 'assets/main_menu/button-plaque.png.import', LF will be replaced by CRLF the next time Git touches it
warning: in the working copy of 'assets/main_menu/menu-background.png.import', LF will be replaced by CRLF the next time Git touches it
warning: in the working copy of 'assets/opening/clock.wav.import', LF will be replaced by CRLF the next time Git touches it
warning: in the working copy of 'assets/opening/door.wav.import', LF will be replaced by CRLF the next time Git touches it
warning: in the working copy of 'assets/opening/factory.wav.import', LF will be replaced by CRLF the next time Git touches it
warning: in the working copy of 'assets/opening/floor.wav.import', LF will be replaced by CRLF the next time Git touches it
warning: in the working copy of 'assets/opening/hairpin.svg.import', LF will be replaced by CRLF the next time Git touches it
warning: in the working copy of 'assets/opening/key.wav.import', LF will be replaced by CRLF the next time Git touches it
warning: in the working copy of 'assets/opening/paper.wav.import', LF will be replaced by CRLF the next time Git touches it
warning: in the working copy of 'assets/opening/stamp.wav.import', LF will be replaced by CRLF the next time Git touches it
warning: in the working copy of 'assets/sample/bowl_foot.svg.import', LF will be replaced by CRLF the next time Git touches it
warning: in the working copy of 'assets/sample/bowl_seam.svg.import', LF will be replaced by CRLF the next time Git touches it
warning: in the working copy of 'assets/sample/hairpin_seam.svg.import', LF will be replaced by CRLF the next time Git touches it
warning: in the working copy of 'assets/ui/icons/alert-circle.svg.import', LF will be replaced by CRLF the next time Git touches it
warning: in the working copy of 'assets/ui/icons/candle.svg.import', LF will be replaced by CRLF the next time Git touches it
warning: in the working copy of 'assets/ui/icons/clock.svg.import', LF will be replaced by CRLF the next time Git touches it
warning: in the working copy of 'assets/ui/icons/coins.svg.import', LF will be replaced by CRLF the next time Git touches it
warning: in the working copy of 'assets/ui/icons/menu-2.svg.import', LF will be replaced by CRLF the next time Git touches it
warning: in the working copy of 'assets/ui/icons/moon.svg.import', LF will be replaced by CRLF the next time Git touches it
warning: in the working copy of 'assets/ui/icons/receipt.svg.import', LF will be replaced by CRLF the next time Git touches it
warning: in the working copy of 'assets/ui/icons/ticket.svg.import', LF will be replaced by CRLF the next time Git touches it
warning: in the working copy of 'assets/ui/mail/envelope.png.import', LF will be replaced by CRLF the next time Git touches it
warning: in the working copy of 'assets/ui/shop_sign/pawn_hanging.png.import', LF will be replaced by CRLF the next time Git touches it
warning: in the working copy of 'core/shop/shop_growth_service.gd', LF will be replaced by CRLF the next time Git touches it
warning: in the working copy of 'core/state/run_state.gd', LF will be replaced by CRLF the next time Git touches it
warning: in the working copy of 'design-qa.md', LF will be replaced by CRLF the next time Git touches it
warning: in the working copy of 'docs/design/facilities-room/level-one-study.png.import', LF will be replaced by CRLF the next time Git touches it
warning: in the working copy of 'docs/design/facilities-room/progression-00-initial.png.import', LF will be replaced by CRLF the next time Git touches it
warning: in the working copy of 'docs/design/facilities-room/progression-01-repaired.png.import', LF will be replaced by CRLF the next time Git touches it
warning: in the working copy of 'docs/design/facilities-room/progression-02-specialized.png.import', LF will be replaced by CRLF the next time Git touches it
warning: in the working copy of 'docs/design/facilities-room/progression-03-premium.png.import', LF will be replaced by CRLF the next time Git touches it
warning: in the working copy of 'docs/design/facilities-room/selected-initial.png.import', LF will be replaced by CRLF the next time Git touches it
warning: in the working copy of 'docs/qa/item-records/notes-1280.png.import', LF will be replaced by CRLF the next time Git touches it
warning: in the working copy of 'docs/qa/item-records/notes-1600.png.import', LF will be replaced by CRLF the next time Git touches it
warning: in the working copy of 'docs/qa/item-records/notes-after-scan-1280.png.import', LF will be replaced by CRLF the next time Git touches it
warning: in the working copy of 'docs/qa/living-mirror/living_1280_01_no_inspection.png.import', LF will be replaced by CRLF the next time Git touches it
warning: in the working copy of 'docs/qa/living-mirror/living_1280_02_ghost_reflection.png.import', LF will be replaced by CRLF the next time Git touches it
warning: in the working copy of 'docs/qa/living-mirror/living_1280_03_inspection_departure.png.import', LF will be replaced by CRLF the next time Git touches it
warning: in the working copy of 'docs/qa/living-mirror/living_1280_04_swap_offer.png.import', LF will be replaced by CRLF the next time Git touches it
warning: in the working copy of 'docs/qa/living-mirror/living_1280_05_swap_receipt.png.import', LF will be replaced by CRLF the next time Git touches it
warning: in the working copy of 'docs/qa/living-mirror/living_1280_06_replaced_ticket.png.import', LF will be replaced by CRLF the next time Git touches it
warning: in the working copy of 'docs/qa/living-mirror/living_1280_07_living_return.png.import', LF will be replaced by CRLF the next time Git touches it
warning: in the working copy of 'docs/qa/living-mirror/living_1280_08_substitute_delivery.png.import', LF will be replaced by CRLF the next time Git touches it
warning: in the working copy of 'docs/qa/living-mirror/living_1280_09_death_notice.png.import', LF will be replaced by CRLF the next time Git touches it
warning: in the working copy of 'docs/qa/living-mirror/living_1600_01_no_inspection.png.import', LF will be replaced by CRLF the next time Git touches it
warning: in the working copy of 'docs/qa/living-mirror/living_1600_02_ghost_reflection.png.import', LF will be replaced by CRLF the next time Git touches it
warning: in the working copy of 'docs/qa/living-mirror/living_1600_03_inspection_departure.png.import', LF will be replaced by CRLF the next time Git touches it
warning: in the working copy of 'docs/qa/living-mirror/living_1600_04_swap_offer.png.import', LF will be replaced by CRLF the next time Git touches it
warning: in the working copy of 'docs/qa/living-mirror/living_1600_05_swap_receipt.png.import', LF will be replaced by CRLF the next time Git touches it
warning: in the working copy of 'docs/qa/living-mirror/living_1600_06_replaced_ticket.png.import', LF will be replaced by CRLF the next time Git touches it
warning: in the working copy of 'docs/qa/living-mirror/living_1600_07_living_return.png.import', LF will be replaced by CRLF the next time Git touches it
warning: in the working copy of 'docs/qa/living-mirror/living_1600_08_substitute_delivery.png.import', LF will be replaced by CRLF the next time Git touches it
warning: in the working copy of 'docs/qa/living-mirror/living_1600_09_death_notice.png.import', LF will be replaced by CRLF the next time Git touches it
warning: in the working copy of 'tools/play_v26.ps1', LF will be replaced by CRLF the next time Git touches it
warning: in the working copy of 'ui/inventory/inventory_panel.gd', LF will be replaced by CRLF the next time Git touches it
