Godot Engine v4.6.1.stable.official.14d19694e - https://godotengine.org

[   0% ] [90m[1mfirst_scan_filesystem[22m | Started 專案初始化中 (5 steps)[39m[0m
[   0% ] [90m[1mfirst_scan_filesystem[22m | 正在掃描檔案結構…[39m[0m
[  16% ] [90m[1mfirst_scan_filesystem[22m | 載入全域類別名稱中…[39m[0m
[  33% ] [90m[1mfirst_scan_filesystem[22m | 正在驗證GD擴充功能...[39m[0m
[  50% ] [90m[1mfirst_scan_filesystem[22m | 正在建立自動載入腳本…[39m[0m
[  66% ] [90m[1mfirst_scan_filesystem[22m | 初始化外掛程式...[39m[0m
[  83% ] [90m[1mfirst_scan_filesystem[22m | 開始掃描檔案...[39m[0m
[92m[ DONE ][39m [1mfirst_scan_filesystem[22m
[0m
[   0% ] [90m[1mupdate_scripts_classes[22m | Started 註冊全域類別中... (5 steps)[39m[0m
[   0% ] [90m[1mupdate_scripts_classes[22m | FirstDebt[39m[0m
[  16% ] [90m[1mupdate_scripts_classes[22m | [39m[0m
[  33% ] [90m[1mupdate_scripts_classes[22m | [39m[0m
[  50% ] [90m[1mupdate_scripts_classes[22m | CounterVisualCatalog[39m[0m
[  66% ] [90m[1mupdate_scripts_classes[22m | CounterView[39m[0m
[92m[ DONE ][39m [1mupdate_scripts_classes[22m
[0m
[   0% ] [90m[1m_update_scan_actions[22m | Started 掃描動作中... (17 steps)[39m[0m
[   0% ] [90m[1m_update_scan_actions[22m | chen_xiaoman_petite.png[39m[0m
[   5% ] [90m[1m_update_scan_actions[22m | 1280-before.png[39m[0m
[  11% ] [90m[1m_update_scan_actions[22m | 1280-departed.png[39m[0m
[  16% ] [90m[1m_update_scan_actions[22m | 1280-lu-counter.png[39m[0m
[  22% ] [90m[1m_update_scan_actions[22m | 1280-night.png[39m[0m
[  27% ] [90m[1m_update_scan_actions[22m | 1280-phoenix-appraisal.png[39m[0m
[  33% ] [90m[1m_update_scan_actions[22m | 1280-quote.png[39m[0m
[  38% ] [90m[1m_update_scan_actions[22m | 1280-reply.png[39m[0m
[  44% ] [90m[1m_update_scan_actions[22m | 1280-seller-counter.png[39m[0m
[  50% ] [90m[1m_update_scan_actions[22m | 1600-before.png[39m[0m
[  55% ] [90m[1m_update_scan_actions[22m | 1600-departed.png[39m[0m
[  61% ] [90m[1m_update_scan_actions[22m | 1600-lu-counter.png[39m[0m
[  66% ] [90m[1m_update_scan_actions[22m | 1600-night.png[39m[0m
[  72% ] [90m[1m_update_scan_actions[22m | 1600-phoenix-appraisal.png[39m[0m
[  77% ] [90m[1m_update_scan_actions[22m | 1600-quote.png[39m[0m
[  83% ] [90m[1m_update_scan_actions[22m | 1600-reply.png[39m[0m
[  88% ] [90m[1m_update_scan_actions[22m | 1600-seller-counter.png[39m[0m
[92m[ DONE ][39m [1m_update_scan_actions[22m
[0m
[   0% ] [90m[1mreimport[22m | Started （重新）匯入素材 (17 steps)[39m[0m
[   0% ] [90m[1mreimport[22m | 正在準備重新匯入檔案…[39m[0m
[   5% ] [90m[1mreimport[22m | 正在準備重新匯入檔案…[39m[0m
[  11% ] [90m[1mreimport[22m | 正在準備重新匯入檔案…[39m[0m
[  16% ] [90m[1mreimport[22m | 正在準備重新匯入檔案…[39m[0m
[  22% ] [90m[1mreimport[22m | 正在準備重新匯入檔案…[39m[0m
[  27% ] [90m[1mreimport[22m | 正在準備重新匯入檔案…[39m[0m
[  33% ] [90m[1mreimport[22m | 正在準備重新匯入檔案…[39m[0m
[  38% ] [90m[1mreimport[22m | 正在準備重新匯入檔案…[39m[0m
[  44% ] [90m[1mreimport[22m | 正在準備重新匯入檔案…[39m[0m
[  50% ] [90m[1mreimport[22m | 正在準備重新匯入檔案…[39m[0m
[  55% ] [90m[1mreimport[22m | 正在準備重新匯入檔案…[39m[0m
[  61% ] [90m[1mreimport[22m | 正在準備重新匯入檔案…[39m[0m
[  66% ] [90m[1mreimport[22m | 正在準備重新匯入檔案…[39m[0m
[  72% ] [90m[1mreimport[22m | 正在準備重新匯入檔案…[39m[0m
[  77% ] [90m[1mreimport[22m | 正在準備重新匯入檔案…[39m[0m
[  83% ] [90m[1mreimport[22m | 正在準備重新匯入檔案…[39m[0m
[  88% ] [90m[1mreimport[22m | 正在準備重新匯入檔案…[39m[0m
[   0% ] [90m[1mreimport[22m | 執行預先重新匯入作業…[39m[0m
[   0% ] [90m[1mreimport[22m | 1600-seller-counter.png[39m[0m
[   5% ] [90m[1mreimport[22m | 1600-reply.png[39m[0m
[  11% ] [90m[1mreimport[22m | 1600-quote.png[39m[0m
[  16% ] [90m[1mreimport[22m | 1600-phoenix-appraisal.png[39m[0m
[  22% ] [90m[1mreimport[22m | 1600-night.png[39m[0m
[  27% ] [90m[1mreimport[22m | 1600-lu-counter.png[39m[0m
[  33% ] [90m[1mreimport[22m | 1600-departed.png[39m[0m
[  38% ] [90m[1mreimport[22m | 1600-before.png[39m[0m
[  44% ] [90m[1mreimport[22m | 1280-seller-counter.png[39m[0m
[  50% ] [90m[1mreimport[22m | 1280-reply.png[39m[0m
[  55% ] [90m[1mreimport[22m | 1280-quote.png[39m[0m
[  61% ] [90m[1mreimport[22m | 1280-phoenix-appraisal.png[39m[0m
[  66% ] [90m[1mreimport[22m | 1280-night.png[39m[0m
[  72% ] [90m[1mreimport[22m | 1280-lu-counter.png[39m[0m
[  77% ] [90m[1mreimport[22m | 1280-departed.png[39m[0m
[  83% ] [90m[1mreimport[22m | 1280-before.png[39m[0m
[  88% ] [90m[1mreimport[22m | chen_xiaoman_petite.png[39m[0m
[  94% ] [90m[1mreimport[22m | 完成素材匯入...[39m[0m
[92m[ DONE ][39m [1mreimport[22m
[0m
[   0% ] [90m[1mreimport[22m | Started （重新）匯入素材 (17 steps)[39m[0m
[   0% ] [90m[1mreimport[22m | 執行重新匯入後續處理作業…[39m[0m
[92m[ DONE ][39m [1mreimport[22m
[0m
[   0% ] [90m[1mloading_editor_layout[22m | Started 載入編輯器 (5 steps)[39m[0m
[   0% ] [90m[1mloading_editor_layout[22m | 載入編輯器版面配置中…[39m[0m
[  16% ] [90m[1mloading_editor_layout[22m | 載入停靠視窗...[39m[0m
[92m[ DONE ][39m [1mloading_editor_layout[22m
[0m
